---
source: src/tui/ui_tests.rs
expression: terminal.backend()
---
"agentctl claude watch · 0 accounts · last fetch — · next fet"
"no accounts to show                                         "
"                                                            "
"                                                            "
"                                                            "
"                                                            "
"                                                            "
"q quit · r refresh · ↑↓ select                              "
